<html>
<body>
<pre>
<h1>µVision Build Log</h1>
<h2>Tool Versions:</h2>
IDE-Version: ¦ÌVision V5.39.0.0
Copyright (C) 2023 ARM Ltd and ARM Germany GmbH. All rights reserved.
License Information: LIN Lenovo, LSDF, LIC=MPPLD-8UB6N-2ZVW4-FPKUX-LP21N-G1ZA2
 
Tool Versions:
Toolchain:       MDK-ARM Plus  Version: 5.39.0.0
Toolchain Path:  D:\Keil_v5\ARM\ARMCLANG\Bin
C Compiler:      ArmClang.exe V6.21
Assembler:       Armasm.exe V6.21
Linker/Locator:  ArmLink.exe V6.21
Library Manager: ArmAr.exe V6.21
Hex Converter:   FromElf.exe V6.21
CPU DLL:         SARMCM3.DLL V5.39.0.0
Dialog DLL:      DARMCM1.DLL V1.19.6.0
Target DLL:      Segger\JL2CM3.dll V2.99.43.0
Dialog DLL:      TARMCM1.DLL V1.14.6.0
 
<h2>Project:</h2>
D:\ti\mspm0_sdk_2_02_00_05\M0_Project\TJC_19D\keil\empty_LP_MSPM0G3507_nortos_keil.uvprojx
Project File Date:  03/13/2025

<h2>Output:</h2>
*** Using Compiler 'V6.21', folder: 'D:\Keil_v5\ARM\ARMCLANG\Bin'
Build target 'empty_LP_MSPM0G3507_nortos_keil'
Before Build - User command #1: cmd.exe /C "D:\ti\mspm0_sdk_2_02_00_05\M0_Project\TJC_19D\keil\../../../tools/keil/syscfg.bat 'D:\ti\mspm0_sdk_2_02_00_05\M0_Project\TJC_19D\keil\' empty.syscfg"
Using Sysconfig Tool from "D:\ti\sysconfig_1.21.1\sysconfig_cli.bat"
"Update the file located at <sdk path>/tools/keil/syscfg.bat to use a different version"
Running script...
Validating...
Generating Code (empty.syscfg)...
Unchanged D:\ti\mspm0_sdk_2_02_00_05\M0_Project\TJC_19D\ti_msp_dl_config.c...
Unchanged D:\ti\mspm0_sdk_2_02_00_05\M0_Project\TJC_19D\ti_msp_dl_config.h...
Unchanged D:\ti\mspm0_sdk_2_02_00_05\M0_Project\TJC_19D\Event.dot...
compiling dl_common.c...
compiling dl_aesadv.c...
compiling dl_crcp.c...
compiling dl_keystorectl.c...
compiling dl_crc.c...
compiling dl_dma.c...
compiling dl_dac12.c...
compiling dl_adc12.c...
compiling dl_aes.c...
compiling dl_i2c.c...
compiling empty.c...
compiling My_USART.c...
compiling ti_msp_dl_config.c...
compiling board.c...
compiling dl_lcd.c...
compiling dl_flashctl.c...
compiling dl_lfss.c...
compiling dl_mathacl.c...
compiling dl_opa.c...
compiling dl_vref.c...
compiling dl_trng.c...
compiling dl_rtc_common.c...
compiling dl_spi.c...
compiling dl_uart.c...
compiling dl_timer.c...
compiling dl_mcan.c...
linking...
Program Size: Code=9692 RO-data=748 RW-data=4 ZI-data=364  
FromELF: creating hex file...
".\Objects\empty_LP_MSPM0G3507_nortos_keil.axf" - 0 Error(s), 0 Warning(s).

<h2>Software Packages used:</h2>

Package Vendor: TexasInstruments
                https://software-dl.ti.com/msp430/esd/MSPM0-CMSIS/MSPM0G1X0X_G3X0X/latest/exports/TexasInstruments.MSPM0G1X0X_G3X0X_DFP.1.3.1.pack
                TexasInstruments::MSPM0G1X0X_G3X0X_DFP@1.3.1
                Device Family Pack for Texas Instruments MSPM0G1X0X_G3X0X Series

<h2>Collection of Component include folders:</h2>

<h2>Collection of Component Files used:</h2>
Build Time Elapsed:  00:00:03
</pre>
</body>
</html>
